option --match-asset-id: Expected Base16-encoded bytestring, but got 1cdc58c3b6d1ab11dd047ac9e3a2ec26aabf0839abe37b791cb810f2f; invalid bytestring size

Usage: marconi-sidechain-experimental 
         [--version] (-s|--socket-path FILE-PATH) --node-config-path ARG
         (-d|--db-dir DIR) [--http-port INT] 
         (--mainnet | --testnet-magic NATURAL) 
         [--max-indexing-depth | --min-indexing-depth NATURAL] 
         [(-a|--addresses-to-index BECH32-ADDRESS)] 
         [(--match-asset-id POLICY_ID[.ASSET_NAME])] 
         [--fail-if-resyncing-from-genesis] [--initial-retry-time NATURAL] 
         [--no-max-retry-time | --max-retry-time NATURAL] 
         [--start-from-genesis | --start-from-last-sync-points | --start-from
           (-n|--slot-no SLOT-NO) (-b|--block-header-hash BLOCK-HEADER-HASH)]

  marconi-sidechain
